[debug] [2025-12-27T05:41:44.946Z] ----------------------------------------------------------------------
[debug] [2025-12-27T05:41:44.955Z] Command:       /usr/local/bin/node /Users/himanshu/Downloads/Webistes/node_modules/.bin/firebase deploy --only hosting --project himanshu-prajapati-dev
[debug] [2025-12-27T05:41:44.956Z] CLI Version:   15.1.0
[debug] [2025-12-27T05:41:44.956Z] Platform:      darwin
[debug] [2025-12-27T05:41:44.956Z] Node Version:  v22.16.0
[debug] [2025-12-27T05:41:44.956Z] Time:          Sat Dec 27 2025 11:11:44 GMT+0530 (India Standard Time)
[debug] [2025-12-27T05:41:44.956Z] ----------------------------------------------------------------------
[debug] 
[debug] [2025-12-27T05:41:45.826Z] > command requires scopes: ["email","openid","https://www.googleapis.com/auth/cloudplatformprojects.readonly","https://www.googleapis.com/auth/firebase","https://www.googleapis.com/auth/cloud-platform"]
[debug] [2025-12-27T05:41:45.827Z] > authorizing via FIREBASE_TOKEN environment variable
[warn] ⚠  Authenticating with `FIREBASE_TOKEN` is deprecated and will be removed in a future major version of `firebase-tools`. Instead, use a service account key with `GOOGLE_APPLICATION_CREDENTIALS`: https://cloud.google.com/docs/authentication/getting-started 
[debug] [2025-12-27T05:41:45.827Z] [iam] checking project himanshu-prajapati-dev for permissions ["firebase.projects.get","firebasehosting.sites.update"]
[debug] [2025-12-27T05:41:45.828Z] No OAuth tokens found
[debug] [2025-12-27T05:41:45.828Z] No OAuth tokens found
[debug] [2025-12-27T05:41:45.828Z] > refreshing access token with scopes: []
[debug] [2025-12-27T05:41:45.829Z] >>> [apiv2][query] POST https://www.googleapis.com/oauth2/v3/token [none]
[debug] [2025-12-27T05:41:45.829Z] >>> [apiv2][body] POST https://www.googleapis.com/oauth2/v3/token [omitted]
[debug] [2025-12-27T05:41:45.993Z] <<< [apiv2][status] POST https://www.googleapis.com/oauth2/v3/token 401
[debug] [2025-12-27T05:41:45.993Z] <<< [apiv2][body] POST https://www.googleapis.com/oauth2/v3/token [omitted]
[debug] [2025-12-27T05:41:45.993Z] >>> [apiv2][query] POST https://cloudresourcemanager.googleapis.com/v1/projects/himanshu-prajapati-dev:testIamPermissions [none]
[debug] [2025-12-27T05:41:45.993Z] >>> [apiv2][(partial)header] POST https://cloudresourcemanager.googleapis.com/v1/projects/himanshu-prajapati-dev:testIamPermissions x-goog-quota-user=projects/himanshu-prajapati-dev
[debug] [2025-12-27T05:41:45.993Z] >>> [apiv2][body] POST https://cloudresourcemanager.googleapis.com/v1/projects/himanshu-prajapati-dev:testIamPermissions {"permissions":["firebase.projects.get","firebasehosting.sites.update"]}
[debug] [2025-12-27T05:41:47.410Z] <<< [apiv2][status] POST https://cloudresourcemanager.googleapis.com/v1/projects/himanshu-prajapati-dev:testIamPermissions 200
[debug] [2025-12-27T05:41:47.410Z] <<< [apiv2][body] POST https://cloudresourcemanager.googleapis.com/v1/projects/himanshu-prajapati-dev:testIamPermissions {"permissions":["firebase.projects.get","firebasehosting.sites.update"]}
[debug] [2025-12-27T05:41:47.411Z] No OAuth tokens found
[debug] [2025-12-27T05:41:47.411Z] No OAuth tokens found
[debug] [2025-12-27T05:41:47.411Z] > refreshing access token with scopes: []
[debug] [2025-12-27T05:41:47.412Z] >>> [apiv2][query] POST https://www.googleapis.com/oauth2/v3/token [none]
[debug] [2025-12-27T05:41:47.412Z] >>> [apiv2][body] POST https://www.googleapis.com/oauth2/v3/token [omitted]
[debug] [2025-12-27T05:41:47.514Z] <<< [apiv2][status] POST https://www.googleapis.com/oauth2/v3/token 401
[debug] [2025-12-27T05:41:47.514Z] <<< [apiv2][body] POST https://www.googleapis.com/oauth2/v3/token [omitted]
[debug] [2025-12-27T05:41:47.515Z] >>> [apiv2][query] GET https://firebase.googleapis.com/v1beta1/projects/himanshu-prajapati-dev [none]
[debug] [2025-12-27T05:41:48.956Z] <<< [apiv2][status] GET https://firebase.googleapis.com/v1beta1/projects/himanshu-prajapati-dev 403
[debug] [2025-12-27T05:41:48.956Z] <<< [apiv2][body] GET https://firebase.googleapis.com/v1beta1/projects/himanshu-prajapati-dev {"error":{"code":403,"message":"Your application is authenticating by using local Application Default Credentials. The firebase.googleapis.com API requires a quota project, which is not set by default. To learn how to set your quota project, see https://cloud.google.com/docs/authentication/adc-troubleshooting/user-creds .","status":"PERMISSION_DENIED","details":[{"@type":"type.googleapis.com/google.rpc.ErrorInfo","reason":"SERVICE_DISABLED","domain":"googleapis.com","metadata":{"consumer":"projects/32555940559","service":"firebase.googleapis.com"}},{"@type":"type.googleapis.com/google.rpc.LocalizedMessage","locale":"en-US","message":"Your application is authenticating by using local Application Default Credentials. The firebase.googleapis.com API requires a quota project, which is not set by default. To learn how to set your quota project, see https://cloud.google.com/docs/authentication/adc-troubleshooting/user-creds ."}]}}
[debug] [2025-12-27T05:41:48.957Z] Request to https://firebase.googleapis.com/v1beta1/projects/himanshu-prajapati-dev had HTTP Error: 403, Your application is authenticating by using local Application Default Credentials. The firebase.googleapis.com API requires a quota project, which is not set by default. To learn how to set your quota project, see https://cloud.google.com/docs/authentication/adc-troubleshooting/user-creds .
[debug] [2025-12-27T05:41:48.958Z] FirebaseError: Request to https://firebase.googleapis.com/v1beta1/projects/himanshu-prajapati-dev had HTTP Error: 403, Your application is authenticating by using local Application Default Credentials. The firebase.googleapis.com API requires a quota project, which is not set by default. To learn how to set your quota project, see https://cloud.google.com/docs/authentication/adc-troubleshooting/user-creds .
    at responseToError (/Users/himanshu/Downloads/Webistes/node_modules/firebase-tools/lib/responseToError.js:53:12)
    at RetryOperation._fn (/Users/himanshu/Downloads/Webistes/node_modules/firebase-tools/lib/apiv2.js:322:77)
    at process.processTicksAndRejections (node:internal/process/task_queues:105:5)
[error] 
[error] Error: Failed to get Firebase project himanshu-prajapati-dev. Please make sure the project exists and your account has permission to access it.
[debug] [2025-12-27T05:42:02.391Z] ----------------------------------------------------------------------
[debug] [2025-12-27T05:42:02.396Z] Command:       /usr/local/bin/node /Users/himanshu/Downloads/Webistes/node_modules/.bin/firebase projects:list
[debug] [2025-12-27T05:42:02.397Z] CLI Version:   15.1.0
[debug] [2025-12-27T05:42:02.397Z] Platform:      darwin
[debug] [2025-12-27T05:42:02.397Z] Node Version:  v22.16.0
[debug] [2025-12-27T05:42:02.397Z] Time:          Sat Dec 27 2025 11:12:02 GMT+0530 (India Standard Time)
[debug] [2025-12-27T05:42:02.397Z] ----------------------------------------------------------------------
[debug] 
[debug] [2025-12-27T05:42:02.487Z] > command requires scopes: ["email","openid","https://www.googleapis.com/auth/cloudplatformprojects.readonly","https://www.googleapis.com/auth/firebase","https://www.googleapis.com/auth/cloud-platform"]
[debug] [2025-12-27T05:42:02.487Z] > authorizing via FIREBASE_TOKEN environment variable
[warn] ⚠  Authenticating with `FIREBASE_TOKEN` is deprecated and will be removed in a future major version of `firebase-tools`. Instead, use a service account key with `GOOGLE_APPLICATION_CREDENTIALS`: https://cloud.google.com/docs/authentication/getting-started 
[debug] [2025-12-27T05:42:02.490Z] No OAuth tokens found
[debug] [2025-12-27T05:42:02.490Z] No OAuth tokens found
[debug] [2025-12-27T05:42:02.490Z] > refreshing access token with scopes: []
[debug] [2025-12-27T05:42:02.491Z] >>> [apiv2][query] POST https://www.googleapis.com/oauth2/v3/token [none]
[debug] [2025-12-27T05:42:02.491Z] >>> [apiv2][body] POST https://www.googleapis.com/oauth2/v3/token [omitted]
[debug] [2025-12-27T05:42:02.642Z] <<< [apiv2][status] POST https://www.googleapis.com/oauth2/v3/token 401
[debug] [2025-12-27T05:42:02.642Z] <<< [apiv2][body] POST https://www.googleapis.com/oauth2/v3/token [omitted]
[debug] [2025-12-27T05:42:02.642Z] >>> [apiv2][query] GET https://firebase.googleapis.com/v1beta1/projects pageSize=1000
[debug] [2025-12-27T05:42:02.820Z] <<< [apiv2][status] GET https://firebase.googleapis.com/v1beta1/projects 403
[debug] [2025-12-27T05:42:02.820Z] <<< [apiv2][body] GET https://firebase.googleapis.com/v1beta1/projects [omitted]
[debug] [2025-12-27T05:42:02.821Z] Request to https://firebase.googleapis.com/v1beta1/projects?pageSize=1000 had HTTP Error: 403, Your application is authenticating by using local Application Default Credentials. The firebase.googleapis.com API requires a quota project, which is not set by default. To learn how to set your quota project, see https://cloud.google.com/docs/authentication/adc-troubleshooting/user-creds .
[debug] [2025-12-27T05:42:02.822Z] FirebaseError: Request to https://firebase.googleapis.com/v1beta1/projects?pageSize=1000 had HTTP Error: 403, Your application is authenticating by using local Application Default Credentials. The firebase.googleapis.com API requires a quota project, which is not set by default. To learn how to set your quota project, see https://cloud.google.com/docs/authentication/adc-troubleshooting/user-creds .
    at responseToError (/Users/himanshu/Downloads/Webistes/node_modules/firebase-tools/lib/responseToError.js:53:12)
    at RetryOperation._fn (/Users/himanshu/Downloads/Webistes/node_modules/firebase-tools/lib/apiv2.js:322:77)
    at process.processTicksAndRejections (node:internal/process/task_queues:105:5)
[error] 
[error] Error: Failed to list Firebase projects. See firebase-debug.log for more info.
[debug] [2025-12-27T07:57:03.193Z] ----------------------------------------------------------------------
[debug] [2025-12-27T07:57:03.204Z] Command:       /usr/local/bin/node /Users/himanshu/Downloads/Webistes/node_modules/.bin/firebase projects:list
[debug] [2025-12-27T07:57:03.204Z] CLI Version:   15.1.0
[debug] [2025-12-27T07:57:03.204Z] Platform:      darwin
[debug] [2025-12-27T07:57:03.204Z] Node Version:  v22.16.0
[debug] [2025-12-27T07:57:03.204Z] Time:          Sat Dec 27 2025 13:27:03 GMT+0530 (India Standard Time)
[debug] [2025-12-27T07:57:03.204Z] ----------------------------------------------------------------------
[debug] 
[debug] [2025-12-27T07:57:03.292Z] > command requires scopes: ["email","openid","https://www.googleapis.com/auth/cloudplatformprojects.readonly","https://www.googleapis.com/auth/firebase","https://www.googleapis.com/auth/cloud-platform"]
[debug] [2025-12-27T07:57:03.293Z] > authorizing via FIREBASE_TOKEN environment variable
[warn] ⚠  Authenticating with `FIREBASE_TOKEN` is deprecated and will be removed in a future major version of `firebase-tools`. Instead, use a service account key with `GOOGLE_APPLICATION_CREDENTIALS`: https://cloud.google.com/docs/authentication/getting-started 
[debug] [2025-12-27T07:57:03.296Z] No OAuth tokens found
[debug] [2025-12-27T07:57:03.296Z] No OAuth tokens found
[debug] [2025-12-27T07:57:03.296Z] > refreshing access token with scopes: []
[debug] [2025-12-27T07:57:03.297Z] >>> [apiv2][query] POST https://www.googleapis.com/oauth2/v3/token [none]
[debug] [2025-12-27T07:57:03.297Z] >>> [apiv2][body] POST https://www.googleapis.com/oauth2/v3/token [omitted]
[debug] [2025-12-27T07:57:03.477Z] <<< [apiv2][status] POST https://www.googleapis.com/oauth2/v3/token 401
[debug] [2025-12-27T07:57:03.477Z] <<< [apiv2][body] POST https://www.googleapis.com/oauth2/v3/token [omitted]
[debug] [2025-12-27T07:57:03.477Z] >>> [apiv2][query] GET https://firebase.googleapis.com/v1beta1/projects pageSize=1000
[debug] [2025-12-27T07:57:03.667Z] <<< [apiv2][status] GET https://firebase.googleapis.com/v1beta1/projects 403
[debug] [2025-12-27T07:57:03.667Z] <<< [apiv2][body] GET https://firebase.googleapis.com/v1beta1/projects [omitted]
[debug] [2025-12-27T07:57:03.667Z] Request to https://firebase.googleapis.com/v1beta1/projects?pageSize=1000 had HTTP Error: 403, Your application is authenticating by using local Application Default Credentials. The firebase.googleapis.com API requires a quota project, which is not set by default. To learn how to set your quota project, see https://cloud.google.com/docs/authentication/adc-troubleshooting/user-creds .
[debug] [2025-12-27T07:57:03.668Z] FirebaseError: Request to https://firebase.googleapis.com/v1beta1/projects?pageSize=1000 had HTTP Error: 403, Your application is authenticating by using local Application Default Credentials. The firebase.googleapis.com API requires a quota project, which is not set by default. To learn how to set your quota project, see https://cloud.google.com/docs/authentication/adc-troubleshooting/user-creds .
    at responseToError (/Users/himanshu/Downloads/Webistes/node_modules/firebase-tools/lib/responseToError.js:53:12)
    at RetryOperation._fn (/Users/himanshu/Downloads/Webistes/node_modules/firebase-tools/lib/apiv2.js:322:77)
    at process.processTicksAndRejections (node:internal/process/task_queues:105:5)
[error] 
[error] Error: Failed to list Firebase projects. See firebase-debug.log for more info.
